Partición 1: | 0 - 3 | [X] | Size: 4 b | LRU: 6 | COLA: CAUGHT | ID: 1 |
Partición 2: | 4 - 7 | [X] | Size: 4 b | LRU: 6 | COLA: CAUGHT | ID: 2 |
Partición 3: | 8 - 27 | [X] | Size: 20 b | LRU: 4 | COLA: CATCH | ID: 4 |
Partición 4: | 28 - 43 | [X] | Size: 16 b | LRU: 5 | COLA: CATCH | ID: 5 |
Partición 5: | 44 - 63 | [X] | Size: 20 b | LRU: 7 | COLA: CATCH | ID: 6 |
