Partición 1: | 0 - 31 | [X] | Size: 32 b | LRU: 6 | COLA: CATCH | ID: 5 |
Partición 2: | 32 - 63 | [X] | Size: 32 b | LRU: 5 | COLA: NEW | ID: 3 |
