Partición 1: | 0 - 15 | [L] | Size: 16 b |
Partición 2: | 16 - 31 | [X] | Size: 16 b | LRU: 4 | COLA: CATCH | ID: 4 |
Partición 3: | 32 - 63 | [X] | Size: 32 b | LRU: 6 | COLA: CATCH | ID: 5 |
